<<<<<<< HEAD
2025-07-08 20:21:06 [ERROR]: PATCH /dashboard/event/3: 
Invalid `prisma.event.update()` invocation in
/Users/macbook/Documents/NGODING/modul-purwadhika-main/03 MODUL 3 BACK END/MINI PROJECT/BE-MINI-PROJECT/src/repositories/event.repository.ts:75:25

  72 export const updateEvent = async (input: UpdateEventDTO) => {
  73     const { id, tickets, ...eventData } = input;
  74 
→ 75     return prisma.event.update(
An operation failed because it depends on one or more records that were required but not found. No 'Event' record (needed to inline the relation on 'Event' record(s)) was found for a nested create on one-to-many relation 'EventToTicket'. {"code":"P2025","meta":{"modelName":"Event","cause":"No 'Event' record (needed to inline the relation on 'Event' record(s)) was found for a nested create on one-to-many relation 'EventToTicket'."},"clientVersion":"6.10.1","name":"PrismaClientKnownRequestError"}
2025-07-08 21:09:30 [ERROR]: POST /auth/login: Email not registered {"statusCode":404,"success":false,"message":"Email not registered"}
2025-07-08 21:20:17 [ERROR]: GET /transactions/event/4/statistics: 
Invalid `prisma.transaction.findMany()` invocation in
/Users/macbook/Documents/NGODING/modul-purwadhika-main/03 MODUL 3 BACK END/MINI PROJECT/BE-MINI-PROJECT/src/repositories/transaction.repositori.ts:42:31

  39 };
  40 
  41 export const getUserTransactions = async (userId: number) => {
→ 42     return prisma.transaction.findMany({
           where: {
         +   userId: {
         +     equals: Int | IntFieldRefInput,
         +     in: Int[] | ListIntFieldRefInput,
         +     notIn: Int[] | ListIntFieldRefInput,
         +     lt: Int | IntFieldRefInput,
         +     lte: Int | IntFieldRefInput,
         +     gt: Int | IntFieldRefInput,
         +     gte: Int | IntFieldRefInput,
         +     not: Int | NestedIntFilter
         +   }
           },
           orderBy: {
             createdAt: "desc"
           },
           include: {
             event: {
               select: {
                 title: true,
                 thumbnail: true
               }
             }
           }
         })

Argument `userId` is missing. {"name":"PrismaClientValidationError","clientVersion":"6.10.1"}
2025-07-08 21:20:56 [ERROR]: PATCH /dashboard/event/4: 
Invalid `prisma.event.update()` invocation in
/Users/macbook/Documents/NGODING/modul-purwadhika-main/03 MODUL 3 BACK END/MINI PROJECT/BE-MINI-PROJECT/src/repositories/event.repository.ts:75:25

  72 export const updateEvent = async (input: UpdateEventDTO) => {
  73     const { id, tickets, ...eventData } = input;
  74 
→ 75     return prisma.event.update(
An operation failed because it depends on one or more records that were required but not found. No 'Event' record (needed to inline the relation on 'Event' record(s)) was found for a nested create on one-to-many relation 'EventToTicket'. {"code":"P2025","meta":{"modelName":"Event","cause":"No 'Event' record (needed to inline the relation on 'Event' record(s)) was found for a nested create on one-to-many relation 'EventToTicket'."},"clientVersion":"6.10.1","name":"PrismaClientKnownRequestError"}
2025-07-08 21:21:35 [ERROR]: GET /transactions/event/1/statistics: 
Invalid `prisma.transaction.findMany()` invocation in
/Users/macbook/Documents/NGODING/modul-purwadhika-main/03 MODUL 3 BACK END/MINI PROJECT/BE-MINI-PROJECT/src/repositories/transaction.repositori.ts:42:31

  39 };
  40 
  41 export const getUserTransactions = async (userId: number) => {
→ 42     return prisma.transaction.findMany({
           where: {
         +   userId: {
         +     equals: Int | IntFieldRefInput,
         +     in: Int[] | ListIntFieldRefInput,
         +     notIn: Int[] | ListIntFieldRefInput,
         +     lt: Int | IntFieldRefInput,
         +     lte: Int | IntFieldRefInput,
         +     gt: Int | IntFieldRefInput,
         +     gte: Int | IntFieldRefInput,
         +     not: Int | NestedIntFilter
         +   }
           },
           orderBy: {
             createdAt: "desc"
           },
           include: {
             event: {
               select: {
                 title: true,
                 thumbnail: true
               }
             }
           }
         })

Argument `userId` is missing. {"name":"PrismaClientValidationError","clientVersion":"6.10.1"}
2025-07-08 21:21:36 [ERROR]: GET /transactions/event/1/statistics: 
Invalid `prisma.transaction.findMany()` invocation in
/Users/macbook/Documents/NGODING/modul-purwadhika-main/03 MODUL 3 BACK END/MINI PROJECT/BE-MINI-PROJECT/src/repositories/transaction.repositori.ts:42:31

  39 };
  40 
  41 export const getUserTransactions = async (userId: number) => {
→ 42     return prisma.transaction.findMany({
           where: {
         +   userId: {
         +     equals: Int | IntFieldRefInput,
         +     in: Int[] | ListIntFieldRefInput,
         +     notIn: Int[] | ListIntFieldRefInput,
         +     lt: Int | IntFieldRefInput,
         +     lte: Int | IntFieldRefInput,
         +     gt: Int | IntFieldRefInput,
         +     gte: Int | IntFieldRefInput,
         +     not: Int | NestedIntFilter
         +   }
           },
           orderBy: {
             createdAt: "desc"
           },
           include: {
             event: {
               select: {
                 title: true,
                 thumbnail: true
               }
             }
           }
         })

Argument `userId` is missing. {"name":"PrismaClientValidationError","clientVersion":"6.10.1"}
2025-07-08 21:21:59 [ERROR]: GET /transactions/event/1/statistics: 
Invalid `prisma.transaction.findMany()` invocation in
/Users/macbook/Documents/NGODING/modul-purwadhika-main/03 MODUL 3 BACK END/MINI PROJECT/BE-MINI-PROJECT/src/repositories/transaction.repositori.ts:42:31

  39 };
  40 
  41 export const getUserTransactions = async (userId: number) => {
→ 42     return prisma.transaction.findMany({
           where: {
         +   userId: {
         +     equals: Int | IntFieldRefInput,
         +     in: Int[] | ListIntFieldRefInput,
         +     notIn: Int[] | ListIntFieldRefInput,
         +     lt: Int | IntFieldRefInput,
         +     lte: Int | IntFieldRefInput,
         +     gt: Int | IntFieldRefInput,
         +     gte: Int | IntFieldRefInput,
         +     not: Int | NestedIntFilter
         +   }
           },
           orderBy: {
             createdAt: "desc"
           },
           include: {
             event: {
               select: {
                 title: true,
                 thumbnail: true
               }
             }
           }
         })

Argument `userId` is missing. {"name":"PrismaClientValidationError","clientVersion":"6.10.1"}
2025-07-08 21:24:41 [ERROR]: GET /transactions/event/1/statistics: 
Invalid `prisma.transaction.findMany()` invocation in
/Users/macbook/Documents/NGODING/modul-purwadhika-main/03 MODUL 3 BACK END/MINI PROJECT/BE-MINI-PROJECT/src/repositories/transaction.repositori.ts:42:31

  39 };
  40 
  41 export const getUserTransactions = async (userId: number) => {
→ 42     return prisma.transaction.findMany({
           where: {
         +   userId: {
         +     equals: Int | IntFieldRefInput,
         +     in: Int[] | ListIntFieldRefInput,
         +     notIn: Int[] | ListIntFieldRefInput,
         +     lt: Int | IntFieldRefInput,
         +     lte: Int | IntFieldRefInput,
         +     gt: Int | IntFieldRefInput,
         +     gte: Int | IntFieldRefInput,
         +     not: Int | NestedIntFilter
         +   }
           },
           orderBy: {
             createdAt: "desc"
           },
           include: {
             event: {
               select: {
                 title: true,
                 thumbnail: true
               }
             }
           }
         })

Argument `userId` is missing. {"name":"PrismaClientValidationError","clientVersion":"6.10.1"}
2025-07-08 21:24:58 [ERROR]: GET /transactions/event/1/statistics: 
Invalid `prisma.transaction.findMany()` invocation in
/Users/macbook/Documents/NGODING/modul-purwadhika-main/03 MODUL 3 BACK END/MINI PROJECT/BE-MINI-PROJECT/src/repositories/transaction.repositori.ts:42:31

  39 };
  40 
  41 export const getUserTransactions = async (userId: number) => {
→ 42     return prisma.transaction.findMany({
           where: {
         +   userId: {
         +     equals: Int | IntFieldRefInput,
         +     in: Int[] | ListIntFieldRefInput,
         +     notIn: Int[] | ListIntFieldRefInput,
         +     lt: Int | IntFieldRefInput,
         +     lte: Int | IntFieldRefInput,
         +     gt: Int | IntFieldRefInput,
         +     gte: Int | IntFieldRefInput,
         +     not: Int | NestedIntFilter
         +   }
           },
           orderBy: {
             createdAt: "desc"
           },
           include: {
             event: {
               select: {
                 title: true,
                 thumbnail: true
               }
             }
           }
         })

Argument `userId` is missing. {"name":"PrismaClientValidationError","clientVersion":"6.10.1"}
=======
2025-07-08 21:22:11 [ERROR]: POST /auth/login: Expected double-quoted property name in JSON at position 92 (line 5 column 1) {"expose":true,"statusCode":400,"status":400,"body":"{ \n  \"username\": \"fetiw5911\",\n  \"email\": \"fetiw59118@fuasha.com\",\n  \"password\": \"Kevin123\",\n}","type":"entity.parse.failed"}
2025-07-08 21:24:26 [ERROR]: POST /transactions/create-transaction: Ticket not found for this event {"statusCode":404,"success":false,"message":"Ticket not found for this event"}
2025-07-08 21:25:57 [ERROR]: PATCH /api/transactions/2/upload-payment-proof: Transaction not found {"statusCode":404,"success":false,"message":"Transaction not found"}
2025-07-08 21:31:29 [ERROR]: PATCH /api/transactions/:transactionId/confirm: 
Invalid `prisma.transaction.findUnique()` invocation in
/Users/kjoshhh/Desktop/Desktop/Design/Purwadhika/JCWDOL/EVENT_MINIPROJECT/BE-MINI-PROJECTS/src/services/transaction.service.ts:126:42

  123     action: "ACCEPT" | "REJECT",
  124     organizerId: number
  125 ) => {
→ 126     const trx = await prisma.transaction.findUnique({
            where: {
          +   id: Int
            },
            include: {
              event: true
            }
          })

Argument `id` is missing. {"name":"PrismaClientValidationError","clientVersion":"6.10.1"}
>>>>>>> ready_repository
